// Jest Snapshot v1, https://goo.gl/fbAQLP

exports[`Review Component Test Suite It should render correctly 1`] = `
<styled.div>
  <styled.div>
    Training
  </styled.div>
  <styled.span>
    <Stars>
      ★ ★ ★ ★ ★ 
    </Stars>
    <styled.a
      href=""
    >
      394
    </styled.a>
  </styled.span>
</styled.div>
`;
